vite v8.3.0 building client environment for production...
transforming...
✓ 471 modules transformed.
rendering chunks...
computing gzip size...
dist/assets/inspectCurrentCurveChain-k6NefAIV.js             0.57 kB
dist/assets/modelGraphText-CEDff5Ci.js                       0.81 kB
dist/assets/curveOffsetDiagnostics-9ZebSxCb.js               1.08 kB
dist/assets/solidNurbsEdit-CyHkMnf7.js                       1.94 kB
dist/assets/exactSolidRuntime-B5t6XZuX.js                    2.24 kB
dist/assets/modelGraphNurbsCompiler-BkaCuoQF.js              2.35 kB
dist/assets/solidTrimmedCurveOffset-MeXODKK8.js              3.54 kB
dist/index.html                                              4.54 kB │ gzip:     1.40 kB
dist/assets/solidCurveOffset-CO5TxY7p.js                     5.08 kB
dist/assets/worker-wasm-packing-CvUL8Q8L.js                  6.69 kB
dist/assets/modelGraphTextScene-fkHKvr9O.js                  7.30 kB
dist/assets/nurbs-BvOks6k0.js                                7.70 kB
dist/assets/gcodePreview.worker-DBf3PGwz.js                 14.53 kB
dist/assets/photogrammetry.worker-BK3i8TIk.js               15.56 kB
dist/assets/modelGraphNurbsKernel-DHAWwNk6.js               18.85 kB
dist/assets/solidModelGraphImport-C6903JD6.js               19.14 kB
dist/assets/openScadTextRuntime-CPndiHC0.js                 26.38 kB
dist/assets/svg.worker-fwEV7bqv.js                          36.51 kB
dist/assets/mainSolid.worker-BHiJGrNo.js                   117.65 kB
dist/assets/harfbuzz-bytes-MSK2w4Yx.js                     165.59 kB
dist/assets/geometry.worker-Jnp0h7hE.js                    471.65 kB
dist/assets/CadQuantityInput-D2Ym11Yn.css                    0.47 kB │ gzip:     0.28 kB
dist/assets/SolidVolumeDistance-CKRkApe5.css                 0.75 kB │ gzip:     0.33 kB
dist/assets/StructuralSectionsPanel-DO5o65UX.css             0.99 kB │ gzip:     0.44 kB
dist/assets/BondedSolidPanel-ePwNYYTl.css                    1.02 kB │ gzip:     0.46 kB
dist/assets/MechanicalGenerator-BBAXW1t9.css                 1.87 kB │ gzip:     0.69 kB
dist/assets/PhotogrammetryPanel-DXS5MU0m.css                 2.17 kB │ gzip:     0.71 kB
dist/assets/SvgPanel-DG2rFvQK.css                            2.55 kB │ gzip:     0.87 kB
dist/assets/ScanPlanePanel-CoJ9OQAC.css                      2.87 kB │ gzip:     0.86 kB
dist/assets/NominalTrussPanel-B55Pwr1V.css                   3.81 kB │ gzip:     1.03 kB
dist/assets/MainModelingTools-CgwM4Emy.css                   5.99 kB │ gzip:     1.45 kB
dist/assets/meshEditing-hdLcnmLE.css                         6.17 kB │ gzip:     1.74 kB
dist/assets/MeshModeler-Bzz9Od2g.css                         7.65 kB │ gzip:     1.85 kB
dist/assets/SceneOutliner-DRA00o9t.css                       7.82 kB │ gzip:     1.84 kB
dist/assets/FunctionReference-BZfjppDK.css                  10.59 kB │ gzip:     2.32 kB
dist/assets/InspectPanel-CA9DW8FA.css                       12.12 kB │ gzip:     2.62 kB
dist/assets/DirectModeler-Bw5HxURN.css                      23.44 kB │ gzip:     4.44 kB
dist/assets/index-DtKv1kYJ.css                              42.02 kB │ gzip:     8.18 kB
dist/assets/bytes-B4jNlYaJ.js                                0.07 kB │ gzip:     0.09 kB
dist/assets/cadNurbsStep-DKwDtpyW.js                         0.07 kB │ gzip:     0.08 kB
dist/assets/_plugin-vue_export-helper-BDNMzG2s.js            0.08 kB │ gzip:     0.09 kB
dist/assets/svgWorkerClient-DFdQ_f17.js                      0.08 kB │ gzip:     0.08 kB
dist/assets/wasmBrotliPacking-B370CFyf.js                    0.10 kB │ gzip:     0.10 kB
dist/assets/meshConvert-CXK0Gq6V.js                          0.10 kB │ gzip:     0.10 kB
dist/assets/modelGraphText-CCNtxZ8k.js                       0.11 kB │ gzip:     0.11 kB
dist/assets/nurbsCurve-DKxDtld6.js                           0.17 kB │ gzip:     0.15 kB
dist/assets/detect-c_zDdQxi.js                               0.19 kB │ gzip:     0.16 kB
dist/assets/solidPreviewWorker-Bh7ExrcT.js                   0.19 kB │ gzip:     0.17 kB
dist/assets/meshJson-CVKQT5bI.js                             0.20 kB │ gzip:     0.15 kB
dist/assets/meshExportFormats-CiPwFrR8.js                    0.22 kB │ gzip:     0.16 kB
dist/assets/nurbsSurface-c2I5iypJ.js                         0.22 kB │ gzip:     0.17 kB
dist/assets/cadNurbsStep-CSqxpOJ4.js                         0.26 kB │ gzip:     0.18 kB
dist/assets/tessellation-ZGKFHZpW.js                         0.28 kB │ gzip:     0.20 kB
dist/assets/meshFlatten-DIVRHcHZ.js                          0.35 kB │ gzip:     0.25 kB
dist/assets/meshExportAdapter-JJ4R6Rau.js                    0.39 kB │ gzip:     0.28 kB
dist/assets/directBodies-COJ8ovNJ.js                         0.39 kB │ gzip:     0.24 kB
dist/assets/solidMaterial-zu5mKHCm.js                        0.42 kB │ gzip:     0.32 kB
dist/assets/solidBlenderExchange-BQg63ee_.js                 0.69 kB │ gzip:     0.44 kB
dist/assets/safeStorage-BLm4OzSk.js                          0.70 kB │ gzip:     0.34 kB
dist/assets/solidNurbs-DNFuFxvh.js                           0.78 kB │ gzip:     0.42 kB
dist/assets/CoonsPreparationControls-D9za0iGE.js             0.90 kB │ gzip:     0.60 kB
dist/assets/previewSolidCurveOffset-CM18azK0.js              1.04 kB │ gzip:     0.54 kB
dist/assets/wasmStreaming-B5S8Nx8M.js                        1.08 kB │ gzip:     0.62 kB
dist/assets/codeHighlight-DxH3sA2d.js                        1.16 kB │ gzip:     0.72 kB
dist/assets/meshExportFormats-B-1RGb5S.js                    1.17 kB │ gzip:     0.62 kB
dist/assets/SolidVolumeWitness-Dn5YNs1A.js                   1.18 kB │ gzip:     0.68 kB
dist/assets/preload-helper-BZ1Pz5am.js                       1.21 kB │ gzip:     0.69 kB
dist/assets/CurveOffsetPreview-CFa2xxZi.js                   1.24 kB │ gzip:     0.65 kB
dist/assets/retainedSketchProfile-C7NDQto7.js                1.48 kB │ gzip:     0.72 kB
dist/assets/solidStepExchange-DJ2DK4uU.js                    1.58 kB │ gzip:     0.81 kB
dist/assets/downloadArtifact-2tWf5_4Y.js                     1.62 kB │ gzip:     0.94 kB
dist/assets/meshTopology-C3GyRUDK.js                         1.63 kB │ gzip:     0.82 kB
dist/assets/meshFormats-0dQIJ6em.js                          1.67 kB │ gzip:     0.84 kB
dist/assets/CadQuantityInput-C5a8F4Dp.js                     1.99 kB │ gzip:     1.14 kB
dist/assets/ShellDistanceSummary-AR2cx2zh.js                 2.11 kB │ gzip:     1.16 kB
dist/assets/exactSolidClient-DniX1Tm7.js                     2.25 kB │ gzip:     1.03 kB
dist/assets/CurvePointTrimControls-B30rZtir.js               2.30 kB │ gzip:     1.22 kB
dist/assets/polygon-2Mwey1s7.js                              2.51 kB │ gzip:     1.09 kB
dist/assets/curveOffsetErrorMessage-DMcaqWao.js              2.55 kB │ gzip:     1.26 kB
dist/assets/wasm-host-mgOLzYtD.js                            2.56 kB │ gzip:     1.01 kB
dist/assets/solidBridge-CEMHA8f_.js                          2.65 kB │ gzip:     1.18 kB
dist/assets/workspaceIndexedDb-CtWzyZBT.js                   2.82 kB │ gzip:     1.13 kB
dist/assets/CurveOffsetControls-DmKtXRS1.js                  2.95 kB │ gzip:     1.44 kB
dist/assets/stlImport-Dx5BSX1S.js                            3.29 kB │ gzip:     1.55 kB
dist/assets/modelgraph-text-BhLE-GK-.js                      4.36 kB │ gzip:     1.97 kB
dist/assets/mainSolidWorker-Z_irbaor.js                      4.41 kB │ gzip:     1.93 kB
dist/assets/solid-draft-storage-D-u46Gp6.js                  4.44 kB │ gzip:     1.67 kB
dist/assets/ProfileIntersectionPresentation-R1Ewc8B0.js      4.62 kB │ gzip:     1.96 kB
dist/assets/solidStepAssembly-CPcXjeDX.js                    4.68 kB │ gzip:     2.23 kB
dist/assets/CurveOffsetConstructionInfo-CSPdO-4m.js          4.88 kB │ gzip:     2.24 kB
dist/assets/svgWorkerClient-DUlmTelx.js                      5.20 kB │ gzip:     2.16 kB
dist/assets/SolidVolumeDistance-5Z3D47c4.js                  5.33 kB │ gzip:     2.52 kB
dist/assets/BondedSolidPanel-62OJxE8D.js                     5.62 kB │ gzip:     2.80 kB
dist/assets/ScanPlanePanel-DbRoYIYH.js                       5.75 kB │ gzip:     2.61 kB
dist/assets/surface-selection-DZG_fg2M.js                    6.07 kB │ gzip:     2.34 kB
dist/assets/StructuralSectionsPanel-BHQnEhqn.js              6.35 kB │ gzip:     2.86 kB
dist/assets/workspaceDocument-BYq0VHEf.js                    7.91 kB │ gzip:     3.05 kB
dist/assets/binary-codec-CQNXvYco.js                         9.42 kB │ gzip:     4.24 kB
dist/assets/brepInspectionCache-1LRFALNN.js                  9.59 kB │ gzip:     3.84 kB
dist/assets/InspectPanel-7XWpKD4X.js                        11.24 kB │ gzip:     3.93 kB
dist/assets/SceneOutliner-B8m_Z1rd.js                       11.69 kB │ gzip:     4.38 kB
dist/assets/cadStepIndexedDb-DcGc-OWX.js                    14.30 kB │ gzip:     5.62 kB
dist/assets/direct-modeling-kz686Ktp.js                     14.91 kB │ gzip:     5.41 kB
dist/assets/solid-gpu-view-CtE3nftO.js                      17.61 kB │ gzip:     6.12 kB
dist/assets/SvgPanel-CACGc4ol.js                            20.38 kB │ gzip:     8.04 kB
dist/assets/mainSourceEditing-BOq_PMl2.js                   20.83 kB │ gzip:     6.28 kB
dist/assets/NominalTrussPanel-sAtQAnaS.js                   26.90 kB │ gzip:     9.33 kB
dist/assets/meshEditing-Bio0q9Di.js                         31.28 kB │ gzip:    12.15 kB
dist/assets/PhotogrammetryPanel-JMHSatBq.js                 37.77 kB │ gzip:    14.33 kB
dist/assets/MeshModeler-CGWXYPXI.js                         37.86 kB │ gzip:    10.94 kB
dist/assets/meshConvert-D9mYvbNA.js                         42.11 kB │ gzip:    13.42 kB
dist/assets/FunctionReference-CqfaLQkf.js                   50.07 kB │ gzip:    16.30 kB
dist/assets/mainSolidWorkerClient-BNAVKmYV.js               53.10 kB │ gzip:    14.64 kB
dist/assets/vr-core-bytes-CBAgZmQb.js                       74.84 kB │ gzip:    30.63 kB
dist/assets/vue-Bwdd4767.js                                 77.75 kB │ gzip:    30.51 kB
dist/assets/MechanicalGenerator-BWqeWLeP.js                 78.00 kB │ gzip:    23.95 kB
dist/assets/MainModelingTools-BHvtx0jS.js                   99.89 kB │ gzip:    33.51 kB
dist/assets/wasm-brotli-bytes-X2f0iH-P.js                  122.88 kB │ gzip:    91.99 kB
dist/assets/renderer-BK9MHEdw.js                           124.11 kB │ gzip:    32.23 kB
dist/assets/photogrammetry-bytes-C4E94wxZ.js               222.65 kB │ gzip:   180.64 kB
dist/assets/index-DlrPnf6D.js                              228.88 kB │ gzip:    71.44 kB
dist/assets/DirectModeler-DebRSf1S.js                      381.43 kB │ gzip:   109.38 kB
dist/assets/language-kernel-bytes-DQQU-23k.js              438.76 kB │ gzip:   355.99 kB
dist/assets/geometry-kernel-bytes-Ck1_eE_r.js            3,223.11 kB │ gzip: 2,731.76 kB

✓ built in 803ms
[plugin builtin:vite-reporter] 
(!) Some chunks are larger than 3020 kB after minification. Consider:
- Using dynamic import() to code-split the application
- Use build.rolldownOptions.output.codeSplitting to improve chunking: https://rolldown.rs/reference/OutputOptions.codeSplitting
- Adjust chunk size limit for this warning via build.chunkSizeWarningLimit.
