{
  gpuActive: true,
  reloadExact: true,
  artifact: {
    geometryWasmSha256: '07cd41b96faa8f5bb05507c461845711c4355613c0fb856eb4f5fb20d736b5fe',
    indexSha256: '5e1d801d8b4b15bd22e4c143af06a7362ca753507e10f32ddb4d3a5632c77a8b'
  },
  browser: '157.0.8081.0',
  keyboard: true,
  tabs: 1123,
  expectedMm: 2.1360009363293826,
  displayedIntervalMm: [ 2.13600023408, 2.1360015742 ],
  holeResult: {
    cells: 200,
    containment: 'not-classified',
    converged: true,
    distanceIntervalMm: [ 2.136000234083315, 2.136001574204169 ],
    domainCells: 7076,
    evaluatedPairs: 5,
    faces: [ 9, 5 ],
    maxCells: 1000000,
    maxDomainCells: 8000000,
    method: 'interval-trimmed-face-pairs',
    pairs: 60,
    parameters: [ [Array], [Array] ],
    pointEnclosures: [ [Array], [Array] ],
    points: [ [Array], [Array] ],
    reason: 'tolerance',
    scope: 'boundary-shells-bounded-joins',
    toleranceMm: 0.001,
    toleranceUv: 1e-7
  },
  nestedInterval: [ 3, 3 ],
  nativeResult: {
    cells: 1,
    containment: 'not-classified',
    converged: true,
    distanceIntervalMm: [ 2.99999999999997, 3.0000000000000075 ],
    domainCells: 18,
    evaluatedPairs: 1,
    faces: [ 0, 0 ],
    maxCells: 1000000,
    maxDomainCells: 8000000,
    method: 'interval-trimmed-face-pairs',
    pairs: 64,
    parameters: [ [Array], [Array] ],
    pointEnclosures: [ [Array], [Array] ],
    points: [ [Array], [Array] ],
    reason: 'tolerance',
    scope: 'boundary-shells-bounded-joins',
    toleranceMm: 0.001,
    toleranceUv: 1e-7
  },
  requests: 5,
  cancelledWorkerTerminated: true,
  invalidTargetLocalized: true,
  documentUnchanged: true
}
